<?xml version="1.0"?>
<link_info>
   <banner>TI ARM Linker PC v15.12.1.LTS</banner>
   <copyright>Copyright (c) 1996-2015 Texas Instruments Incorporated</copyright>
   <link_time>0x58f998c4</link_time>
   <link_errors>0x0</link_errors>
   <output_file>FinalProject_DropTables.out</output_file>
   <entry_point>
      <name>_c_int00</name>
      <address>0x5ebd</address>
   </entry_point>
   <input_file_list>
      <input_file id="fl-2">
         <path>.\</path>
         <kind>object</kind>
         <file>button.obj</file>
         <name>button.obj</name>
      </input_file>
      <input_file id="fl-3">
         <path>.\</path>
         <kind>object</kind>
         <file>ir.obj</file>
         <name>ir.obj</name>
      </input_file>
      <input_file id="fl-4">
         <path>.\</path>
         <kind>object</kind>
         <file>lcd.obj</file>
         <name>lcd.obj</name>
      </input_file>
      <input_file id="fl-5">
         <path>.\</path>
         <kind>object</kind>
         <file>main.obj</file>
         <name>main.obj</name>
      </input_file>
      <input_file id="fl-6">
         <path>.\</path>
         <kind>object</kind>
         <file>movement.obj</file>
         <name>movement.obj</name>
      </input_file>
      <input_file id="fl-7">
         <path>.\</path>
         <kind>object</kind>
         <file>open_interface.obj</file>
         <name>open_interface.obj</name>
      </input_file>
      <input_file id="fl-8">
         <path>.\</path>
         <kind>object</kind>
         <file>ping.obj</file>
         <name>ping.obj</name>
      </input_file>
      <input_file id="fl-9">
         <path>.\</path>
         <kind>object</kind>
         <file>scan.obj</file>
         <name>scan.obj</name>
      </input_file>
      <input_file id="fl-a">
         <path>.\</path>
         <kind>object</kind>
         <file>sensor.obj</file>
         <name>sensor.obj</name>
      </input_file>
      <input_file id="fl-b">
         <path>.\</path>
         <kind>object</kind>
         <file>serial_wifi.obj</file>
         <name>serial_wifi.obj</name>
      </input_file>
      <input_file id="fl-c">
         <path>.\</path>
         <kind>object</kind>
         <file>servo.obj</file>
         <name>servo.obj</name>
      </input_file>
      <input_file id="fl-d">
         <path>.\</path>
         <kind>object</kind>
         <file>timer.obj</file>
         <name>timer.obj</name>
      </input_file>
      <input_file id="fl-e">
         <path>.\</path>
         <kind>object</kind>
         <file>tm4c123gh6pm_startup_ccs.obj</file>
         <name>tm4c123gh6pm_startup_ccs.obj</name>
      </input_file>
      <input_file id="fl-c9">
         <path>C:\ti\ccsv6\tools\compiler\ti-cgt-arm_15.12.1.LTS\lib\</path>
         <kind>archive</kind>
         <file>rtsv7M4_T_le_v4SPD16_eabi.lib</file>
         <name>boot.obj</name>
      </input_file>
      <input_file id="fl-ca">
         <path>C:\ti\ccsv6\tools\compiler\ti-cgt-arm_15.12.1.LTS\lib\</path>
         <kind>archive</kind>
         <file>rtsv7M4_T_le_v4SPD16_eabi.lib</file>
         <name>copy_decompress_none.obj</name>
      </input_file>
      <input_file id="fl-cb">
         <path>C:\ti\ccsv6\tools\compiler\ti-cgt-arm_15.12.1.LTS\lib\</path>
         <kind>archive</kind>
         <file>rtsv7M4_T_le_v4SPD16_eabi.lib</file>
         <name>copy_decompress_rle.obj</name>
      </input_file>
      <input_file id="fl-cc">
         <path>C:\ti\ccsv6\tools\compiler\ti-cgt-arm_15.12.1.LTS\lib\</path>
         <kind>archive</kind>
         <file>rtsv7M4_T_le_v4SPD16_eabi.lib</file>
         <name>copy_zero_init.obj</name>
      </input_file>
      <input_file id="fl-cd">
         <path>C:\ti\ccsv6\tools\compiler\ti-cgt-arm_15.12.1.LTS\lib\</path>
         <kind>archive</kind>
         <file>rtsv7M4_T_le_v4SPD16_eabi.lib</file>
         <name>e_pow.obj</name>
      </input_file>
      <input_file id="fl-ce">
         <path>C:\ti\ccsv6\tools\compiler\ti-cgt-arm_15.12.1.LTS\lib\</path>
         <kind>archive</kind>
         <file>rtsv7M4_T_le_v4SPD16_eabi.lib</file>
         <name>e_sqrt.obj</name>
      </input_file>
      <input_file id="fl-cf">
         <path>C:\ti\ccsv6\tools\compiler\ti-cgt-arm_15.12.1.LTS\lib\</path>
         <kind>archive</kind>
         <file>rtsv7M4_T_le_v4SPD16_eabi.lib</file>
         <name>errno.obj</name>
      </input_file>
      <input_file id="fl-d0">
         <path>C:\ti\ccsv6\tools\compiler\ti-cgt-arm_15.12.1.LTS\lib\</path>
         <kind>archive</kind>
         <file>rtsv7M4_T_le_v4SPD16_eabi.lib</file>
         <name>exit.obj</name>
      </input_file>
      <input_file id="fl-d1">
         <path>C:\ti\ccsv6\tools\compiler\ti-cgt-arm_15.12.1.LTS\lib\</path>
         <kind>archive</kind>
         <file>rtsv7M4_T_le_v4SPD16_eabi.lib</file>
         <name>fd_add_t2.obj</name>
      </input_file>
      <input_file id="fl-d2">
         <path>C:\ti\ccsv6\tools\compiler\ti-cgt-arm_15.12.1.LTS\lib\</path>
         <kind>archive</kind>
         <file>rtsv7M4_T_le_v4SPD16_eabi.lib</file>
         <name>fd_cmp_t2.obj</name>
      </input_file>
      <input_file id="fl-d3">
         <path>C:\ti\ccsv6\tools\compiler\ti-cgt-arm_15.12.1.LTS\lib\</path>
         <kind>archive</kind>
         <file>rtsv7M4_T_le_v4SPD16_eabi.lib</file>
         <name>fd_div_t2.obj</name>
      </input_file>
      <input_file id="fl-d4">
         <path>C:\ti\ccsv6\tools\compiler\ti-cgt-arm_15.12.1.LTS\lib\</path>
         <kind>archive</kind>
         <file>rtsv7M4_T_le_v4SPD16_eabi.lib</file>
         <name>fd_mul_t2.obj</name>
      </input_file>
      <input_file id="fl-d5">
         <path>C:\ti\ccsv6\tools\compiler\ti-cgt-arm_15.12.1.LTS\lib\</path>
         <kind>archive</kind>
         <file>rtsv7M4_T_le_v4SPD16_eabi.lib</file>
         <name>fd_toi_t2.obj</name>
      </input_file>
      <input_file id="fl-d6">
         <path>C:\ti\ccsv6\tools\compiler\ti-cgt-arm_15.12.1.LTS\lib\</path>
         <kind>archive</kind>
         <file>rtsv7M4_T_le_v4SPD16_eabi.lib</file>
         <name>fd_tos_t2.obj</name>
      </input_file>
      <input_file id="fl-d7">
         <path>C:\ti\ccsv6\tools\compiler\ti-cgt-arm_15.12.1.LTS\lib\</path>
         <kind>archive</kind>
         <file>rtsv7M4_T_le_v4SPD16_eabi.lib</file>
         <name>fd_tou_t2.obj</name>
      </input_file>
      <input_file id="fl-d8">
         <path>C:\ti\ccsv6\tools\compiler\ti-cgt-arm_15.12.1.LTS\lib\</path>
         <kind>archive</kind>
         <file>rtsv7M4_T_le_v4SPD16_eabi.lib</file>
         <name>fs_tod_t2.obj</name>
      </input_file>
      <input_file id="fl-d9">
         <path>C:\ti\ccsv6\tools\compiler\ti-cgt-arm_15.12.1.LTS\lib\</path>
         <kind>archive</kind>
         <file>rtsv7M4_T_le_v4SPD16_eabi.lib</file>
         <name>i_tofd_t2.obj</name>
      </input_file>
      <input_file id="fl-da">
         <path>C:\ti\ccsv6\tools\compiler\ti-cgt-arm_15.12.1.LTS\lib\</path>
         <kind>archive</kind>
         <file>rtsv7M4_T_le_v4SPD16_eabi.lib</file>
         <name>memcpy_t2.obj</name>
      </input_file>
      <input_file id="fl-db">
         <path>C:\ti\ccsv6\tools\compiler\ti-cgt-arm_15.12.1.LTS\lib\</path>
         <kind>archive</kind>
         <file>rtsv7M4_T_le_v4SPD16_eabi.lib</file>
         <name>memory.obj</name>
      </input_file>
      <input_file id="fl-dc">
         <path>C:\ti\ccsv6\tools\compiler\ti-cgt-arm_15.12.1.LTS\lib\</path>
         <kind>archive</kind>
         <file>rtsv7M4_T_le_v4SPD16_eabi.lib</file>
         <name>memset_t2.obj</name>
      </input_file>
      <input_file id="fl-dd">
         <path>C:\ti\ccsv6\tools\compiler\ti-cgt-arm_15.12.1.LTS\lib\</path>
         <kind>archive</kind>
         <file>rtsv7M4_T_le_v4SPD16_eabi.lib</file>
         <name>mpu_init.obj</name>
      </input_file>
      <input_file id="fl-de">
         <path>C:\ti\ccsv6\tools\compiler\ti-cgt-arm_15.12.1.LTS\lib\</path>
         <kind>archive</kind>
         <file>rtsv7M4_T_le_v4SPD16_eabi.lib</file>
         <name>pre_init.obj</name>
      </input_file>
      <input_file id="fl-df">
         <path>C:\ti\ccsv6\tools\compiler\ti-cgt-arm_15.12.1.LTS\lib\</path>
         <kind>archive</kind>
         <file>rtsv7M4_T_le_v4SPD16_eabi.lib</file>
         <name>s_scalbn.obj</name>
      </input_file>
      <input_file id="fl-e0">
         <path>C:\ti\ccsv6\tools\compiler\ti-cgt-arm_15.12.1.LTS\lib\</path>
         <kind>archive</kind>
         <file>rtsv7M4_T_le_v4SPD16_eabi.lib</file>
         <name>s_sin.obj</name>
      </input_file>
      <input_file id="fl-e1">
         <path>C:\ti\ccsv6\tools\compiler\ti-cgt-arm_15.12.1.LTS\lib\</path>
         <kind>archive</kind>
         <file>rtsv7M4_T_le_v4SPD16_eabi.lib</file>
         <name>sprintf.obj</name>
      </input_file>
      <input_file id="fl-e2">
         <path>C:\ti\ccsv6\tools\compiler\ti-cgt-arm_15.12.1.LTS\lib\</path>
         <kind>archive</kind>
         <file>rtsv7M4_T_le_v4SPD16_eabi.lib</file>
         <name>stkdepth_vars.obj</name>
      </input_file>
      <input_file id="fl-e3">
         <path>C:\ti\ccsv6\tools\compiler\ti-cgt-arm_15.12.1.LTS\lib\</path>
         <kind>archive</kind>
         <file>rtsv7M4_T_le_v4SPD16_eabi.lib</file>
         <name>strcmp.obj</name>
      </input_file>
      <input_file id="fl-e4">
         <path>C:\ti\ccsv6\tools\compiler\ti-cgt-arm_15.12.1.LTS\lib\</path>
         <kind>archive</kind>
         <file>rtsv7M4_T_le_v4SPD16_eabi.lib</file>
         <name>strcpy.obj</name>
      </input_file>
      <input_file id="fl-e5">
         <path>C:\ti\ccsv6\tools\compiler\ti-cgt-arm_15.12.1.LTS\lib\</path>
         <kind>archive</kind>
         <file>rtsv7M4_T_le_v4SPD16_eabi.lib</file>
         <name>u_tofd_t2.obj</name>
      </input_file>
      <input_file id="fl-e6">
         <path>C:\ti\ccsv6\tools\compiler\ti-cgt-arm_15.12.1.LTS\lib\</path>
         <kind>archive</kind>
         <file>rtsv7M4_T_le_v4SPD16_eabi.lib</file>
         <name>vsnprintf.obj</name>
      </input_file>
      <input_file id="fl-e7">
         <path>C:\ti\ccsv6\tools\compiler\ti-cgt-arm_15.12.1.LTS\lib\</path>
         <kind>archive</kind>
         <file>rtsv7M4_T_le_v4SPD16_eabi.lib</file>
         <name>_lock.obj</name>
      </input_file>
      <input_file id="fl-e8">
         <path>C:\ti\ccsv6\tools\compiler\ti-cgt-arm_15.12.1.LTS\lib\</path>
         <kind>archive</kind>
         <file>rtsv7M4_T_le_v4SPD16_eabi.lib</file>
         <name>_printfi.obj</name>
      </input_file>
      <input_file id="fl-e9">
         <path>C:\ti\ccsv6\tools\compiler\ti-cgt-arm_15.12.1.LTS\lib\</path>
         <kind>archive</kind>
         <file>rtsv7M4_T_le_v4SPD16_eabi.lib</file>
         <name>args_main.obj</name>
      </input_file>
      <input_file id="fl-ea">
         <path>C:\ti\ccsv6\tools\compiler\ti-cgt-arm_15.12.1.LTS\lib\</path>
         <kind>archive</kind>
         <file>rtsv7M4_T_le_v4SPD16_eabi.lib</file>
         <name>atoi.obj</name>
      </input_file>
      <input_file id="fl-eb">
         <path>C:\ti\ccsv6\tools\compiler\ti-cgt-arm_15.12.1.LTS\lib\</path>
         <kind>archive</kind>
         <file>rtsv7M4_T_le_v4SPD16_eabi.lib</file>
         <name>autoinit.obj</name>
      </input_file>
      <input_file id="fl-ec">
         <path>C:\ti\ccsv6\tools\compiler\ti-cgt-arm_15.12.1.LTS\lib\</path>
         <kind>archive</kind>
         <file>rtsv7M4_T_le_v4SPD16_eabi.lib</file>
         <name>cpy_tbl.obj</name>
      </input_file>
      <input_file id="fl-ed">
         <path>C:\ti\ccsv6\tools\compiler\ti-cgt-arm_15.12.1.LTS\lib\</path>
         <kind>archive</kind>
         <file>rtsv7M4_T_le_v4SPD16_eabi.lib</file>
         <name>ctype.obj</name>
      </input_file>
      <input_file id="fl-ee">
         <path>C:\ti\ccsv6\tools\compiler\ti-cgt-arm_15.12.1.LTS\lib\</path>
         <kind>archive</kind>
         <file>rtsv7M4_T_le_v4SPD16_eabi.lib</file>
         <name>k_cos.obj</name>
      </input_file>
      <input_file id="fl-ef">
         <path>C:\ti\ccsv6\tools\compiler\ti-cgt-arm_15.12.1.LTS\lib\</path>
         <kind>archive</kind>
         <file>rtsv7M4_T_le_v4SPD16_eabi.lib</file>
         <name>k_rem_pio2.obj</name>
      </input_file>
      <input_file id="fl-f0">
         <path>C:\ti\ccsv6\tools\compiler\ti-cgt-arm_15.12.1.LTS\lib\</path>
         <kind>archive</kind>
         <file>rtsv7M4_T_le_v4SPD16_eabi.lib</file>
         <name>k_sin.obj</name>
      </input_file>
      <input_file id="fl-f1">
         <path>C:\ti\ccsv6\tools\compiler\ti-cgt-arm_15.12.1.LTS\lib\</path>
         <kind>archive</kind>
         <file>rtsv7M4_T_le_v4SPD16_eabi.lib</file>
         <name>ltoa.obj</name>
      </input_file>
      <input_file id="fl-f2">
         <path>C:\ti\ccsv6\tools\compiler\ti-cgt-arm_15.12.1.LTS\lib\</path>
         <kind>archive</kind>
         <file>rtsv7M4_T_le_v4SPD16_eabi.lib</file>
         <name>memccpy.obj</name>
      </input_file>
      <input_file id="fl-f3">
         <path>C:\ti\ccsv6\tools\compiler\ti-cgt-arm_15.12.1.LTS\lib\</path>
         <kind>archive</kind>
         <file>rtsv7M4_T_le_v4SPD16_eabi.lib</file>
         <name>s_copysign.obj</name>
      </input_file>
      <input_file id="fl-f4">
         <path>C:\ti\ccsv6\tools\compiler\ti-cgt-arm_15.12.1.LTS\lib\</path>
         <kind>archive</kind>
         <file>rtsv7M4_T_le_v4SPD16_eabi.lib</file>
         <name>s_floor.obj</name>
      </input_file>
      <input_file id="fl-f5">
         <path>C:\ti\ccsv6\tools\compiler\ti-cgt-arm_15.12.1.LTS\lib\</path>
         <kind>archive</kind>
         <file>rtsv7M4_T_le_v4SPD16_eabi.lib</file>
         <name>s_frexp.obj</name>
      </input_file>
      <input_file id="fl-f6">
         <path>C:\ti\ccsv6\tools\compiler\ti-cgt-arm_15.12.1.LTS\lib\</path>
         <kind>archive</kind>
         <file>rtsv7M4_T_le_v4SPD16_eabi.lib</file>
         <name>startup.obj</name>
      </input_file>
      <input_file id="fl-f7">
         <path>C:\ti\ccsv6\tools\compiler\ti-cgt-arm_15.12.1.LTS\lib\</path>
         <kind>archive</kind>
         <file>rtsv7M4_T_le_v4SPD16_eabi.lib</file>
         <name>strchr.obj</name>
      </input_file>
      <input_file id="fl-f8">
         <path>C:\ti\ccsv6\tools\compiler\ti-cgt-arm_15.12.1.LTS\lib\</path>
         <kind>archive</kind>
         <file>rtsv7M4_T_le_v4SPD16_eabi.lib</file>
         <name>strlen.obj</name>
      </input_file>
      <input_file id="fl-f9">
         <path>C:\ti\ccsv6\tools\compiler\ti-cgt-arm_15.12.1.LTS\lib\</path>
         <kind>archive</kind>
         <file>rtsv7M4_T_le_v4SPD16_eabi.lib</file>
         <name>ull_div_t2.obj</name>
      </input_file>
      <input_file id="fl-fa">
         <path>C:\ti\TivaWare_C_Series-2.1.2.111\driverlib\ccs\Debug\</path>
         <kind>archive</kind>
         <file>driverlib.lib</file>
         <name>interrupt.obj</name>
      </input_file>
      <input_file id="fl-fb">
         <path>C:\ti\TivaWare_C_Series-2.1.2.111\driverlib\ccs\Debug\</path>
         <kind>archive</kind>
         <file>driverlib.lib</file>
         <name>cpu.obj</name>
      </input_file>
   </input_file_list>
   <object_component_list>
      <object_component id="oc-f">
         <name>.intvecs</name>
         <load_address>0x0</load_address>
         <run_address>0x0</run_address>
         <size>0x26c</size>
         <input_file_ref idref="fl-e"/>
      </object_component>
      <object_component id="oc-1e3">
         <name>.text</name>
         <load_address>0x26c</load_address>
         <run_address>0x26c</run_address>
         <size>0x1110</size>
         <input_file_ref idref="fl-e8"/>
      </object_component>
      <object_component id="oc-eb">
         <name>.text</name>
         <load_address>0x137c</load_address>
         <run_address>0x137c</run_address>
         <size>0xa84</size>
         <input_file_ref idref="fl-7"/>
      </object_component>
      <object_component id="oc-1ba">
         <name>.text</name>
         <load_address>0x1e00</load_address>
         <run_address>0x1e00</run_address>
         <size>0x9ac</size>
         <input_file_ref idref="fl-cd"/>
      </object_component>
      <object_component id="oc-26e">
         <name>.text</name>
         <load_address>0x27ac</load_address>
         <run_address>0x27ac</run_address>
         <size>0x740</size>
         <input_file_ref idref="fl-ef"/>
      </object_component>
      <object_component id="oc-1d8">
         <name>.text</name>
         <load_address>0x2eec</load_address>
         <run_address>0x2eec</run_address>
         <size>0x5d0</size>
         <input_file_ref idref="fl-e0"/>
      </object_component>
      <object_component id="oc-174">
         <name>.text</name>
         <load_address>0x34bc</load_address>
         <run_address>0x34bc</run_address>
         <size>0x3dc</size>
         <input_file_ref idref="fl-db"/>
      </object_component>
      <object_component id="oc-11c">
         <name>.text</name>
         <load_address>0x3898</load_address>
         <run_address>0x3898</run_address>
         <size>0x3a0</size>
         <input_file_ref idref="fl-9"/>
      </object_component>
      <object_component id="oc-f1">
         <name>.text</name>
         <load_address>0x3c38</load_address>
         <run_address>0x3c38</run_address>
         <size>0x2ec</size>
         <input_file_ref idref="fl-4"/>
      </object_component>
      <object_component id="oc-10f">
         <name>.text</name>
         <load_address>0x3f24</load_address>
         <run_address>0x3f24</run_address>
         <size>0x2b4</size>
         <input_file_ref idref="fl-6"/>
      </object_component>
      <object_component id="oc-e5">
         <name>.text</name>
         <load_address>0x41d8</load_address>
         <run_address>0x41d8</run_address>
         <size>0x2a4</size>
         <input_file_ref idref="fl-c"/>
      </object_component>
      <object_component id="oc-280">
         <name>.text</name>
         <load_address>0x447c</load_address>
         <run_address>0x447c</run_address>
         <size>0x1f4</size>
         <input_file_ref idref="fl-f9"/>
      </object_component>
      <object_component id="oc-fd">
         <name>.text</name>
         <load_address>0x4670</load_address>
         <run_address>0x4670</run_address>
         <size>0x1cc</size>
         <input_file_ref idref="fl-b"/>
      </object_component>
      <object_component id="oc-166">
         <name>.text</name>
         <load_address>0x483c</load_address>
         <run_address>0x483c</run_address>
         <size>0x1b6</size>
         <input_file_ref idref="fl-d1"/>
      </object_component>
      <object_component id="oc-5c">
         <name>.text</name>
         <load_address>0x49f2</load_address>
         <run_address>0x49f2</run_address>
         <size>0x2</size>
         <input_file_ref idref="fl-dd"/>
      </object_component>
      <object_component id="oc-109">
         <name>.text</name>
         <load_address>0x49f4</load_address>
         <run_address>0x49f4</run_address>
         <size>0x1ac</size>
         <input_file_ref idref="fl-8"/>
      </object_component>
      <object_component id="oc-f7">
         <name>.text</name>
         <load_address>0x4ba0</load_address>
         <run_address>0x4ba0</run_address>
         <size>0x180</size>
         <input_file_ref idref="fl-2"/>
      </object_component>
      <object_component id="oc-268">
         <name>.text</name>
         <load_address>0x4d20</load_address>
         <run_address>0x4d20</run_address>
         <size>0x174</size>
         <input_file_ref idref="fl-f0"/>
      </object_component>
      <object_component id="oc-238">
         <name>.text</name>
         <load_address>0x4e94</load_address>
         <run_address>0x4e94</run_address>
         <size>0x170</size>
         <input_file_ref idref="fl-ce"/>
      </object_component>
      <object_component id="oc-274">
         <name>.text</name>
         <load_address>0x5004</load_address>
         <run_address>0x5004</run_address>
         <size>0x16c</size>
         <input_file_ref idref="fl-ee"/>
      </object_component>
      <object_component id="oc-b2">
         <name>.text</name>
         <load_address>0x5170</load_address>
         <run_address>0x5170</run_address>
         <size>0x160</size>
         <input_file_ref idref="fl-5"/>
      </object_component>
      <object_component id="oc-103">
         <name>.text</name>
         <load_address>0x52d0</load_address>
         <run_address>0x52d0</run_address>
         <size>0x15c</size>
         <input_file_ref idref="fl-3"/>
      </object_component>
      <object_component id="oc-128">
         <name>.text</name>
         <load_address>0x542c</load_address>
         <run_address>0x542c</run_address>
         <size>0x158</size>
         <input_file_ref idref="fl-d"/>
      </object_component>
      <object_component id="oc-191">
         <name>.text</name>
         <load_address>0x5584</load_address>
         <run_address>0x5584</run_address>
         <size>0x136</size>
         <input_file_ref idref="fl-d3"/>
      </object_component>
      <object_component id="oc-161">
         <name>.text</name>
         <load_address>0x56ba</load_address>
         <run_address>0x56ba</run_address>
         <size>0xfc</size>
         <input_file_ref idref="fl-d4"/>
      </object_component>
      <object_component id="oc-aa">
         <name>.text</name>
         <load_address>0x57b6</load_address>
         <run_address>0x57b6</run_address>
         <size>0x2</size>
         <input_file_ref idref="fl-f6"/>
      </object_component>
      <object_component id="oc-24e">
         <name>.text</name>
         <load_address>0x57b8</load_address>
         <run_address>0x57b8</run_address>
         <size>0xfc</size>
         <input_file_ref idref="fl-df"/>
      </object_component>
      <object_component id="oc-2e1">
         <name>.text</name>
         <load_address>0x58b4</load_address>
         <run_address>0x58b4</run_address>
         <size>0xf8</size>
         <input_file_ref idref="fl-f4"/>
      </object_component>
      <object_component id="oc-37">
         <name>.text</name>
         <load_address>0x59ac</load_address>
         <run_address>0x59ac</run_address>
         <size>0x9c</size>
         <input_file_ref idref="fl-da"/>
      </object_component>
      <object_component id="oc-19d">
         <name>.text</name>
         <load_address>0x5a48</load_address>
         <run_address>0x5a48</run_address>
         <size>0x88</size>
         <input_file_ref idref="fl-e6"/>
      </object_component>
      <object_component id="oc-244">
         <name>.text:__aeabi_cdcmple</name>
         <load_address>0x5ad0</load_address>
         <run_address>0x5ad0</run_address>
         <size>0x86</size>
         <input_file_ref idref="fl-d2"/>
      </object_component>
      <object_component id="oc-249">
         <name>.text:__aeabi_cdrcmple</name>
         <load_address>0x5b56</load_address>
         <run_address>0x5b56</run_address>
         <size>0x86</size>
         <input_file_ref idref="fl-d2"/>
      </object_component>
      <object_component id="oc-50">
         <name>.text</name>
         <load_address>0x5bdc</load_address>
         <run_address>0x5bdc</run_address>
         <size>0x7a</size>
         <input_file_ref idref="fl-dc"/>
      </object_component>
      <object_component id="oc-68">
         <name>.text</name>
         <load_address>0x5c58</load_address>
         <run_address>0x5c58</run_address>
         <size>0x70</size>
         <input_file_ref idref="fl-eb"/>
      </object_component>
      <object_component id="oc-1c0">
         <name>.text</name>
         <load_address>0x5cc8</load_address>
         <run_address>0x5cc8</run_address>
         <size>0x6e</size>
         <input_file_ref idref="fl-d6"/>
      </object_component>
      <object_component id="oc-43">
         <name>.text</name>
         <load_address>0x5d36</load_address>
         <run_address>0x5d36</run_address>
         <size>0x6a</size>
         <input_file_ref idref="fl-cb"/>
      </object_component>
      <object_component id="oc-291">
         <name>.text</name>
         <load_address>0x5da0</load_address>
         <run_address>0x5da0</run_address>
         <size>0x64</size>
         <input_file_ref idref="fl-f5"/>
      </object_component>
      <object_component id="oc-122">
         <name>.text</name>
         <load_address>0x5e04</load_address>
         <run_address>0x5e04</run_address>
         <size>0x60</size>
         <input_file_ref idref="fl-e1"/>
      </object_component>
      <object_component id="oc-28b">
         <name>.text</name>
         <load_address>0x5e64</load_address>
         <run_address>0x5e64</run_address>
         <size>0x56</size>
         <input_file_ref idref="fl-f1"/>
      </object_component>
      <object_component id="oc-24">
         <name>.text</name>
         <load_address>0x5ebc</load_address>
         <run_address>0x5ebc</run_address>
         <size>0x54</size>
         <input_file_ref idref="fl-c9"/>
      </object_component>
      <object_component id="oc-74">
         <name>.text</name>
         <load_address>0x5f10</load_address>
         <run_address>0x5f10</run_address>
         <size>0x54</size>
         <input_file_ref idref="fl-d0"/>
      </object_component>
      <object_component id="oc-2a3">
         <name>.text</name>
         <load_address>0x5f64</load_address>
         <run_address>0x5f64</run_address>
         <size>0x4c</size>
         <input_file_ref idref="fl-ea"/>
      </object_component>
      <object_component id="oc-a4">
         <name>.text</name>
         <load_address>0x5fb0</load_address>
         <run_address>0x5fb0</run_address>
         <size>0x4c</size>
         <input_file_ref idref="fl-ec"/>
      </object_component>
      <object_component id="oc-18c">
         <name>.text</name>
         <load_address>0x5ffc</load_address>
         <run_address>0x5ffc</run_address>
         <size>0x48</size>
         <input_file_ref idref="fl-d5"/>
      </object_component>
      <object_component id="oc-16b">
         <name>.text</name>
         <load_address>0x6044</load_address>
         <run_address>0x6044</run_address>
         <size>0x44</size>
         <input_file_ref idref="fl-d7"/>
      </object_component>
      <object_component id="oc-1d3">
         <name>.text</name>
         <load_address>0x6088</load_address>
         <run_address>0x6088</run_address>
         <size>0x38</size>
         <input_file_ref idref="fl-d8"/>
      </object_component>
      <object_component id="oc-150">
         <name>.text:IntRegister</name>
         <load_address>0x60c0</load_address>
         <run_address>0x60c0</run_address>
         <size>0x34</size>
         <input_file_ref idref="fl-fa"/>
      </object_component>
      <object_component id="oc-187">
         <name>.text</name>
         <load_address>0x60f4</load_address>
         <run_address>0x60f4</run_address>
         <size>0x2e</size>
         <input_file_ref idref="fl-d9"/>
      </object_component>
      <object_component id="oc-15c">
         <name>.text</name>
         <load_address>0x6122</load_address>
         <run_address>0x6122</run_address>
         <size>0x20</size>
         <input_file_ref idref="fl-e5"/>
      </object_component>
      <object_component id="oc-29d">
         <name>.text</name>
         <load_address>0x6142</load_address>
         <run_address>0x6142</run_address>
         <size>0x1c</size>
         <input_file_ref idref="fl-f2"/>
      </object_component>
      <object_component id="oc-17a">
         <name>.text:oi_parseInt</name>
         <load_address>0x615e</load_address>
         <run_address>0x615e</run_address>
         <size>0x18</size>
         <input_file_ref idref="fl-7"/>
      </object_component>
      <object_component id="oc-6e">
         <name>.text</name>
         <load_address>0x6178</load_address>
         <run_address>0x6178</run_address>
         <size>0x18</size>
         <input_file_ref idref="fl-e9"/>
      </object_component>
      <object_component id="oc-181">
         <name>.text</name>
         <load_address>0x6190</load_address>
         <run_address>0x6190</run_address>
         <size>0x18</size>
         <input_file_ref idref="fl-e3"/>
      </object_component>
      <object_component id="oc-297">
         <name>.text</name>
         <load_address>0x61a8</load_address>
         <run_address>0x61a8</run_address>
         <size>0x16</size>
         <input_file_ref idref="fl-f7"/>
      </object_component>
      <object_component id="oc-13d">
         <name>.text</name>
         <load_address>0x61c0</load_address>
         <run_address>0x61c0</run_address>
         <size>0x14</size>
         <input_file_ref idref="fl-e7"/>
      </object_component>
      <object_component id="oc-2d0">
         <name>.text</name>
         <load_address>0x61d4</load_address>
         <run_address>0x61d4</run_address>
         <size>0x14</size>
         <input_file_ref idref="fl-f3"/>
      </object_component>
      <object_component id="oc-1a3">
         <name>.text</name>
         <load_address>0x61e8</load_address>
         <run_address>0x61e8</run_address>
         <size>0x14</size>
         <input_file_ref idref="fl-e4"/>
      </object_component>
      <object_component id="oc-285">
         <name>.text</name>
         <load_address>0x61fc</load_address>
         <run_address>0x61fc</run_address>
         <size>0x14</size>
         <input_file_ref idref="fl-f8"/>
      </object_component>
      <object_component id="oc-156">
         <name>.text:IntMasterEnable</name>
         <load_address>0x6210</load_address>
         <run_address>0x6210</run_address>
         <size>0x10</size>
         <input_file_ref idref="fl-fa"/>
      </object_component>
      <object_component id="oc-115">
         <name>.text:lcd_clear</name>
         <load_address>0x6220</load_address>
         <run_address>0x6220</run_address>
         <size>0x10</size>
         <input_file_ref idref="fl-4"/>
      </object_component>
      <object_component id="oc-12">
         <name>.text:decompress:none</name>
         <load_address>0x6230</load_address>
         <run_address>0x6230</run_address>
         <size>0xe</size>
         <input_file_ref idref="fl-ca"/>
      </object_component>
      <object_component id="oc-202">
         <name>.text:CPUcpsie</name>
         <load_address>0x623e</load_address>
         <run_address>0x623e</run_address>
         <size>0xc</size>
         <input_file_ref idref="fl-fb"/>
      </object_component>
      <object_component id="oc-2e">
         <name>.text</name>
         <load_address>0x624a</load_address>
         <run_address>0x624a</run_address>
         <size>0xc</size>
         <input_file_ref idref="fl-e"/>
      </object_component>
      <object_component id="oc-18">
         <name>.text:decompress:rle24</name>
         <load_address>0x6256</load_address>
         <run_address>0x6256</run_address>
         <size>0x6</size>
         <input_file_ref idref="fl-cb"/>
      </object_component>
      <object_component id="oc-62">
         <name>.text</name>
         <load_address>0x625c</load_address>
         <run_address>0x625c</run_address>
         <size>0x4</size>
         <input_file_ref idref="fl-de"/>
      </object_component>
      <object_component id="oc-2e7">
         <name>.const:$O1$$</name>
         <load_address>0x6260</load_address>
         <run_address>0x6260</run_address>
         <size>0x158</size>
         <input_file_ref idref="fl-ef"/>
      </object_component>
      <object_component id="oc-2fc">
         <name>.const:.string:_ctypes_</name>
         <load_address>0x63b8</load_address>
         <run_address>0x63b8</run_address>
         <size>0x101</size>
         <input_file_ref idref="fl-ed"/>
      </object_component>
      <object_component id="oc-1a9">
         <name>.const:.string:lineAddress$1</name>
         <load_address>0x64b9</load_address>
         <run_address>0x64b9</run_address>
         <size>0x4</size>
         <input_file_ref idref="fl-4"/>
      </object_component>
      <object_component id="oc-241">
         <name>.const:$O1$$</name>
         <load_address>0x64c0</load_address>
         <run_address>0x64c0</run_address>
         <size>0x30</size>
         <input_file_ref idref="fl-cd"/>
      </object_component>
      <object_component id="oc-197">
         <name>.const:.string:$P$T0$3</name>
         <load_address>0x64f0</load_address>
         <run_address>0x64f0</run_address>
         <size>0xf</size>
         <input_file_ref idref="fl-7"/>
      </object_component>
      <object_component id="oc-1aa">
         <name>.const:.string:lineAddresses$2</name>
         <load_address>0x64ff</load_address>
         <run_address>0x64ff</run_address>
         <size>0x4</size>
         <input_file_ref idref="fl-4"/>
      </object_component>
      <object_component id="oc-34c">
         <name>.cinit..data.load</name>
         <load_address>0x6508</load_address>
         <run_address>0x6508</run_address>
         <size>0x3a</size>
      </object_component>
      <object_component id="oc-34b">
         <name>.cinit..vtable.load</name>
         <load_address>0x6548</load_address>
         <run_address>0x6548</run_address>
         <size>0xb</size>
      </object_component>
      <object_component id="oc-34d">
         <name>.cinit..bss.load</name>
         <load_address>0x6558</load_address>
         <run_address>0x6558</run_address>
         <size>0x9</size>
      </object_component>
      <object_component id="oc-349">
         <name>__TI_handler_table</name>
         <load_address>0x6564</load_address>
         <run_address>0x6564</run_address>
         <size>0x8</size>
      </object_component>
      <object_component id="oc-34a">
         <name>__TI_cinit_table</name>
         <load_address>0x656c</load_address>
         <run_address>0x656c</run_address>
         <size>0x18</size>
      </object_component>
      <object_component id="oc-1fd">
         <name>.vtable</name>
         <uninitialized>true</uninitialized>
         <run_address>0x20000000</run_address>
         <size>0x26c</size>
         <input_file_ref idref="fl-fa"/>
      </object_component>
      <object_component id="oc-1b3">
         <name>.data</name>
         <load_address>0x20000f16</load_address>
         <run_address>0x20000f16</run_address>
         <size>0x1</size>
         <input_file_ref idref="fl-2"/>
      </object_component>
      <object_component id="oc-12e">
         <name>.data</name>
         <load_address>0x20000f17</load_address>
         <run_address>0x20000f17</run_address>
         <size>0x1</size>
         <input_file_ref idref="fl-5"/>
      </object_component>
      <object_component id="oc-196">
         <name>.data</name>
         <load_address>0x20000f18</load_address>
         <run_address>0x20000f18</run_address>
         <size>0x10</size>
         <input_file_ref idref="fl-7"/>
      </object_component>
      <object_component id="oc-1de">
         <name>.data</name>
         <load_address>0x20000ef0</load_address>
         <run_address>0x20000ef0</run_address>
         <size>0x26</size>
         <input_file_ref idref="fl-9"/>
      </object_component>
      <object_component id="oc-170">
         <name>.data</name>
         <load_address>0x20000f40</load_address>
         <run_address>0x20000f40</run_address>
         <size>0x9</size>
         <input_file_ref idref="fl-c"/>
      </object_component>
      <object_component id="oc-23e">
         <name>.data</name>
         <load_address>0x20000f54</load_address>
         <run_address>0x20000f54</run_address>
         <size>0x4</size>
         <input_file_ref idref="fl-cf"/>
      </object_component>
      <object_component id="oc-ba">
         <name>.data:$O1$$</name>
         <load_address>0x20000f28</load_address>
         <run_address>0x20000f28</run_address>
         <size>0xc</size>
         <input_file_ref idref="fl-d0"/>
      </object_component>
      <object_component id="oc-210">
         <name>.data:$O1$$</name>
         <load_address>0x20000f34</load_address>
         <run_address>0x20000f34</run_address>
         <size>0xc</size>
         <input_file_ref idref="fl-db"/>
      </object_component>
      <object_component id="oc-7a">
         <name>.data</name>
         <load_address>0x20000f58</load_address>
         <run_address>0x20000f58</run_address>
         <size>0x4</size>
         <input_file_ref idref="fl-e2"/>
      </object_component>
      <object_component id="oc-bd">
         <name>.data:$O1$$</name>
         <load_address>0x20000f4c</load_address>
         <run_address>0x20000f4c</run_address>
         <size>0x8</size>
         <input_file_ref idref="fl-e7"/>
      </object_component>
      <object_component id="oc-1ab">
         <name>.bss:lastbuffer$3</name>
         <uninitialized>true</uninitialized>
         <run_address>0x20000e70</run_address>
         <size>0x54</size>
         <input_file_ref idref="fl-4"/>
      </object_component>
      <object_component id="oc-19a">
         <name>.bss:firmware$2</name>
         <uninitialized>true</uninitialized>
         <run_address>0x20000ec4</run_address>
         <size>0x18</size>
         <input_file_ref idref="fl-7"/>
      </object_component>
      <object_component id="oc-1b4">
         <name>.common:_prevButton</name>
         <uninitialized>true</uninitialized>
         <run_address>0x20000eec</run_address>
         <size>0x1</size>
      </object_component>
      <object_component id="oc-1cd">
         <name>.common:sdata</name>
         <uninitialized>true</uninitialized>
         <run_address>0x20000ee8</run_address>
         <size>0x4</size>
      </object_component>
      <object_component id="oc-1c6">
         <name>.common:state</name>
         <uninitialized>true</uninitialized>
         <run_address>0x20000eed</run_address>
         <size>0x1</size>
      </object_component>
      <object_component id="oc-1ca">
         <name>.common:rising_time</name>
         <uninitialized>true</uninitialized>
         <run_address>0x20000ee4</run_address>
         <size>0x4</size>
      </object_component>
      <object_component id="oc-1c9">
         <name>.common:falling_time</name>
         <uninitialized>true</uninitialized>
         <run_address>0x20000ee0</run_address>
         <size>0x4</size>
      </object_component>
      <object_component id="oc-1cb">
         <name>.common:event_time</name>
         <uninitialized>true</uninitialized>
         <run_address>0x20000edc</run_address>
         <size>0x4</size>
      </object_component>
      <object_component id="oc-2b">
         <name>.sysmem</name>
         <uninitialized>true</uninitialized>
         <run_address>0x20000a70</run_address>
         <size>0x8</size>
         <input_file_ref idref="fl-db"/>
      </object_component>
      <object_component id="oc-34f">
         <name>.sysmem</name>
         <uninitialized>true</uninitialized>
         <run_address>0x20000a70</run_address>
         <size>0x0</size>
      </object_component>
      <object_component id="oc-2a">
         <name>.stack</name>
         <uninitialized>true</uninitialized>
         <run_address>0x2000026c</run_address>
         <size>0x0</size>
         <input_file_ref idref="fl-c9"/>
      </object_component>
      <object_component id="oc-34e">
         <name>.stack</name>
         <uninitialized>true</uninitialized>
         <run_address>0x2000026c</run_address>
         <size>0x0</size>
      </object_component>
      <object_component id="oc-1b5">
         <name>.debug_info</name>
         <load_address>0x0</load_address>
         <run_address>0x0</run_address>
         <size>0xcf</size>
         <input_file_ref idref="fl-2"/>
      </object_component>
      <object_component id="oc-f8">
         <name>.debug_info</name>
         <load_address>0xcf</load_address>
         <run_address>0xcf</run_address>
         <size>0x42c</size>
         <input_file_ref idref="fl-2"/>
      </object_component>
      <object_component id="oc-d1">
         <name>.debug_info</name>
         <load_address>0x4fb</load_address>
         <run_address>0x4fb</run_address>
         <size>0x8b</size>
         <input_file_ref idref="fl-2"/>
      </object_component>
      <object_component id="oc-85">
         <name>.debug_info</name>
         <load_address>0x586</load_address>
         <run_address>0x586</run_address>
         <size>0x18b</size>
         <input_file_ref idref="fl-2"/>
      </object_component>
      <object_component id="oc-232">
         <name>.debug_info</name>
         <load_address>0x711</load_address>
         <run_address>0x711</run_address>
         <size>0x151</size>
         <input_file_ref idref="fl-3"/>
      </object_component>
      <object_component id="oc-105">
         <name>.debug_info</name>
         <load_address>0x862</load_address>
         <run_address>0x862</run_address>
         <size>0x258</size>
         <input_file_ref idref="fl-3"/>
      </object_component>
      <object_component id="oc-21d">
         <name>.debug_info</name>
         <load_address>0xaba</load_address>
         <run_address>0xaba</run_address>
         <size>0xc8</size>
         <input_file_ref idref="fl-3"/>
      </object_component>
      <object_component id="oc-92">
         <name>.debug_info</name>
         <load_address>0xb82</load_address>
         <run_address>0xb82</run_address>
         <size>0x84</size>
         <input_file_ref idref="fl-3"/>
      </object_component>
      <object_component id="oc-1ae">
         <name>.debug_info</name>
         <load_address>0xc06</load_address>
         <run_address>0xc06</run_address>
         <size>0x4e</size>
         <input_file_ref idref="fl-3"/>
      </object_component>
      <object_component id="oc-1ad">
         <name>.debug_info</name>
         <load_address>0xc54</load_address>
         <run_address>0xc54</run_address>
         <size>0x1d2</size>
         <input_file_ref idref="fl-4"/>
      </object_component>
      <object_component id="oc-117">
         <name>.debug_info</name>
         <load_address>0xe26</load_address>
         <run_address>0xe26</run_address>
         <size>0x11d</size>
         <input_file_ref idref="fl-4"/>
      </object_component>
      <object_component id="oc-f3">
         <name>.debug_info</name>
         <load_address>0xf43</load_address>
         <run_address>0xf43</run_address>
         <size>0x83e</size>
         <input_file_ref idref="fl-4"/>
      </object_component>
      <object_component id="oc-132">
         <name>.debug_info</name>
         <load_address>0x1781</load_address>
         <run_address>0x1781</run_address>
         <size>0x473</size>
         <input_file_ref idref="fl-5"/>
      </object_component>
      <object_component id="oc-12f">
         <name>.debug_info</name>
         <load_address>0x1bf4</load_address>
         <run_address>0x1bf4</run_address>
         <size>0xc7</size>
         <input_file_ref idref="fl-5"/>
      </object_component>
      <object_component id="oc-b3">
         <name>.debug_info</name>
         <load_address>0x1cbb</load_address>
         <run_address>0x1cbb</run_address>
         <size>0x37d</size>
         <input_file_ref idref="fl-5"/>
      </object_component>
      <object_component id="oc-1f5">
         <name>.debug_info</name>
         <load_address>0x2038</load_address>
         <run_address>0x2038</run_address>
         <size>0x5aa</size>
         <input_file_ref idref="fl-5"/>
      </object_component>
      <object_component id="oc-1ce">
         <name>.debug_info</name>
         <load_address>0x25e2</load_address>
         <run_address>0x25e2</run_address>
         <size>0x24c</size>
         <input_file_ref idref="fl-6"/>
      </object_component>
      <object_component id="oc-110">
         <name>.debug_info</name>
         <load_address>0x282e</load_address>
         <run_address>0x282e</run_address>
         <size>0x6f4</size>
         <input_file_ref idref="fl-6"/>
      </object_component>
      <object_component id="oc-1ec">
         <name>.debug_info</name>
         <load_address>0x2f22</load_address>
         <run_address>0x2f22</run_address>
         <size>0x2c</size>
         <input_file_ref idref="fl-6"/>
      </object_component>
      <object_component id="oc-19c">
         <name>.debug_info</name>
         <load_address>0x2f4e</load_address>
         <run_address>0x2f4e</run_address>
         <size>0x283</size>
         <input_file_ref idref="fl-7"/>
      </object_component>
      <object_component id="oc-198">
         <name>.debug_info</name>
         <load_address>0x31d1</load_address>
         <run_address>0x31d1</run_address>
         <size>0xcf</size>
         <input_file_ref idref="fl-7"/>
      </object_component>
      <object_component id="oc-17b">
         <name>.debug_info</name>
         <load_address>0x32a0</load_address>
         <run_address>0x32a0</run_address>
         <size>0x147</size>
         <input_file_ref idref="fl-7"/>
      </object_component>
      <object_component id="oc-ec">
         <name>.debug_info</name>
         <load_address>0x33e7</load_address>
         <run_address>0x33e7</run_address>
         <size>0x14df</size>
         <input_file_ref idref="fl-7"/>
      </object_component>
      <object_component id="oc-1c7">
         <name>.debug_info</name>
         <load_address>0x48c6</load_address>
         <run_address>0x48c6</run_address>
         <size>0x26f</size>
         <input_file_ref idref="fl-8"/>
      </object_component>
      <object_component id="oc-10a">
         <name>.debug_info</name>
         <load_address>0x4b35</load_address>
         <run_address>0x4b35</run_address>
         <size>0x2de</size>
         <input_file_ref idref="fl-8"/>
      </object_component>
      <object_component id="oc-25f">
         <name>.debug_info</name>
         <load_address>0x4e13</load_address>
         <run_address>0x4e13</run_address>
         <size>0x44</size>
         <input_file_ref idref="fl-8"/>
      </object_component>
      <object_component id="oc-1e2">
         <name>.debug_info</name>
         <load_address>0x4e57</load_address>
         <run_address>0x4e57</run_address>
         <size>0x246</size>
         <input_file_ref idref="fl-9"/>
      </object_component>
      <object_component id="oc-1df">
         <name>.debug_info</name>
         <load_address>0x509d</load_address>
         <run_address>0x509d</run_address>
         <size>0x303</size>
         <input_file_ref idref="fl-9"/>
      </object_component>
      <object_component id="oc-11e">
         <name>.debug_info</name>
         <load_address>0x53a0</load_address>
         <run_address>0x53a0</run_address>
         <size>0x317</size>
         <input_file_ref idref="fl-9"/>
      </object_component>
      <object_component id="oc-1d0">
         <name>.debug_info</name>
         <load_address>0x56b7</load_address>
         <run_address>0x56b7</run_address>
         <size>0x2c7</size>
         <input_file_ref idref="fl-a"/>
      </object_component>
      <object_component id="oc-1b9">
         <name>.debug_info</name>
         <load_address>0x597e</load_address>
         <run_address>0x597e</run_address>
         <size>0xe6</size>
         <input_file_ref idref="fl-b"/>
      </object_component>
      <object_component id="oc-100">
         <name>.debug_info</name>
         <load_address>0x5a64</load_address>
         <run_address>0x5a64</run_address>
         <size>0x40f</size>
         <input_file_ref idref="fl-b"/>
      </object_component>
      <object_component id="oc-20f">
         <name>.debug_info</name>
         <load_address>0x5e73</load_address>
         <run_address>0x5e73</run_address>
         <size>0x1ec</size>
         <input_file_ref idref="fl-c"/>
      </object_component>
      <object_component id="oc-171">
         <name>.debug_info</name>
         <load_address>0x605f</load_address>
         <run_address>0x605f</run_address>
         <size>0x156</size>
         <input_file_ref idref="fl-c"/>
      </object_component>
      <object_component id="oc-e7">
         <name>.debug_info</name>
         <load_address>0x61b5</load_address>
         <run_address>0x61b5</run_address>
         <size>0x483</size>
         <input_file_ref idref="fl-c"/>
      </object_component>
      <object_component id="oc-12c">
         <name>.debug_info</name>
         <load_address>0x6638</load_address>
         <run_address>0x6638</run_address>
         <size>0x3ed</size>
         <input_file_ref idref="fl-d"/>
      </object_component>
      <object_component id="oc-36">
         <name>.debug_info</name>
         <load_address>0x6a25</load_address>
         <run_address>0x6a25</run_address>
         <size>0xf8</size>
         <input_file_ref idref="fl-e"/>
      </object_component>
      <object_component id="oc-10">
         <name>.debug_info</name>
         <load_address>0x6b1d</load_address>
         <run_address>0x6b1d</run_address>
         <size>0xe3</size>
         <input_file_ref idref="fl-e"/>
      </object_component>
      <object_component id="oc-2f">
         <name>.debug_info</name>
         <load_address>0x6c00</load_address>
         <run_address>0x6c00</run_address>
         <size>0x25f</size>
         <input_file_ref idref="fl-e"/>
      </object_component>
      <object_component id="oc-25">
         <name>.debug_info</name>
         <load_address>0x6e5f</load_address>
         <run_address>0x6e5f</run_address>
         <size>0x17c</size>
         <input_file_ref idref="fl-c9"/>
      </object_component>
      <object_component id="oc-42">
         <name>.debug_info</name>
         <load_address>0x6fdb</load_address>
         <run_address>0x6fdb</run_address>
         <size>0x15c</size>
         <input_file_ref idref="fl-ca"/>
      </object_component>
      <object_component id="oc-13">
         <name>.debug_info</name>
         <load_address>0x7137</load_address>
         <run_address>0x7137</run_address>
         <size>0x1fb</size>
         <input_file_ref idref="fl-ca"/>
      </object_component>
      <object_component id="oc-3d">
         <name>.debug_info</name>
         <load_address>0x7332</load_address>
         <run_address>0x7332</run_address>
         <size>0x46</size>
         <input_file_ref idref="fl-ca"/>
      </object_component>
      <object_component id="oc-8b">
         <name>.debug_info</name>
         <load_address>0x7378</load_address>
         <run_address>0x7378</run_address>
         <size>0x2c</size>
         <input_file_ref idref="fl-ca"/>
      </object_component>
      <object_component id="oc-4a">
         <name>.debug_info</name>
         <load_address>0x73a4</load_address>
         <run_address>0x73a4</run_address>
         <size>0x150</size>
         <input_file_ref idref="fl-cb"/>
      </object_component>
      <object_component id="oc-45">
         <name>.debug_info</name>
         <load_address>0x74f4</load_address>
         <run_address>0x74f4</run_address>
         <size>0x263</size>
         <input_file_ref idref="fl-cb"/>
      </object_component>
      <object_component id="oc-1a">
         <name>.debug_info</name>
         <load_address>0x7757</load_address>
         <run_address>0x7757</run_address>
         <size>0x1cd</size>
         <input_file_ref idref="fl-cb"/>
      </object_component>
      <object_component id="oc-4b">
         <name>.debug_info</name>
         <load_address>0x7924</load_address>
         <run_address>0x7924</run_address>
         <size>0x39</size>
         <input_file_ref idref="fl-cb"/>
      </object_component>
      <object_component id="oc-9a">
         <name>.debug_info</name>
         <load_address>0x795d</load_address>
         <run_address>0x795d</run_address>
         <size>0x2c</size>
         <input_file_ref idref="fl-cb"/>
      </object_component>
      <object_component id="oc-255">
         <name>.debug_info</name>
         <load_address>0x7989</load_address>
         <run_address>0x7989</run_address>
         <size>0x21d</size>
         <input_file_ref idref="fl-cd"/>
      </object_component>
      <object_component id="oc-242">
         <name>.debug_info</name>
         <load_address>0x7ba6</load_address>
         <run_address>0x7ba6</run_address>
         <size>0x139</size>
         <input_file_ref idref="fl-cd"/>
      </object_component>
      <object_component id="oc-1bb">
         <name>.debug_info</name>
         <load_address>0x7cdf</load_address>
         <run_address>0x7cdf</run_address>
         <size>0xb91</size>
         <input_file_ref idref="fl-cd"/>
      </object_component>
      <object_component id="oc-257">
         <name>.debug_info</name>
         <load_address>0x8870</load_address>
         <run_address>0x8870</run_address>
         <size>0x39</size>
         <input_file_ref idref="fl-cd"/>
      </object_component>
      <object_component id="oc-2c9">
         <name>.debug_info</name>
         <load_address>0x88a9</load_address>
         <run_address>0x88a9</run_address>
         <size>0x165</size>
         <input_file_ref idref="fl-ce"/>
      </object_component>
      <object_component id="oc-23a">
         <name>.debug_info</name>
         <load_address>0x8a0e</load_address>
         <run_address>0x8a0e</run_address>
         <size>0x25c</size>
         <input_file_ref idref="fl-ce"/>
      </object_component>
      <object_component id="oc-23f">
         <name>.debug_info</name>
         <load_address>0x8c6a</load_address>
         <run_address>0x8c6a</run_address>
         <size>0x10f</size>
         <input_file_ref idref="fl-cf"/>
      </object_component>
      <object_component id="oc-c1">
         <name>.debug_info</name>
         <load_address>0x8d79</load_address>
         <run_address>0x8d79</run_address>
         <size>0x250</size>
         <input_file_ref idref="fl-d0"/>
      </object_component>
      <object_component id="oc-bb">
         <name>.debug_info</name>
         <load_address>0x8fc9</load_address>
         <run_address>0x8fc9</run_address>
         <size>0x1a1</size>
         <input_file_ref idref="fl-d0"/>
      </object_component>
      <object_component id="oc-78">
         <name>.debug_info</name>
         <load_address>0x916a</load_address>
         <run_address>0x916a</run_address>
         <size>0x230</size>
         <input_file_ref idref="fl-d0"/>
      </object_component>
      <object_component id="oc-167">
         <name>.debug_info</name>
         <load_address>0x939a</load_address>
         <run_address>0x939a</run_address>
         <size>0x160</size>
         <input_file_ref idref="fl-d1"/>
      </object_component>
      <object_component id="oc-245">
         <name>.debug_info</name>
         <load_address>0x94fa</load_address>
         <run_address>0x94fa</run_address>
         <size>0x13c</size>
         <input_file_ref idref="fl-d2"/>
      </object_component>
      <object_component id="oc-24b">
         <name>.debug_info</name>
         <load_address>0x9636</load_address>
         <run_address>0x9636</run_address>
         <size>0x13e</size>
         <input_file_ref idref="fl-d2"/>
      </object_component>
      <object_component id="oc-194">
         <name>.debug_info</name>
         <load_address>0x9774</load_address>
         <run_address>0x9774</run_address>
         <size>0x14e</size>
         <input_file_ref idref="fl-d3"/>
      </object_component>
      <object_component id="oc-163">
         <name>.debug_info</name>
         <load_address>0x98c2</load_address>
         <run_address>0x98c2</run_address>
         <size>0x14e</size>
         <input_file_ref idref="fl-d4"/>
      </object_component>
      <object_component id="oc-18e">
         <name>.debug_info</name>
         <load_address>0x9a10</load_address>
         <run_address>0x9a10</run_address>
         <size>0x142</size>
         <input_file_ref idref="fl-d5"/>
      </object_component>
      <object_component id="oc-1c1">
         <name>.debug_info</name>
         <load_address>0x9b52</load_address>
         <run_address>0x9b52</run_address>
         <size>0x152</size>
         <input_file_ref idref="fl-d6"/>
      </object_component>
      <object_component id="oc-16c">
         <name>.debug_info</name>
         <load_address>0x9ca4</load_address>
         <run_address>0x9ca4</run_address>
         <size>0x14d</size>
         <input_file_ref idref="fl-d7"/>
      </object_component>
      <object_component id="oc-1d4">
         <name>.debug_info</name>
         <load_address>0x9df1</load_address>
         <run_address>0x9df1</run_address>
         <size>0x140</size>
         <input_file_ref idref="fl-d8"/>
      </object_component>
      <object_component id="oc-188">
         <name>.debug_info</name>
         <load_address>0x9f31</load_address>
         <run_address>0x9f31</run_address>
         <size>0x140</size>
         <input_file_ref idref="fl-d9"/>
      </object_component>
      <object_component id="oc-38">
         <name>.debug_info</name>
         <load_address>0xa071</load_address>
         <run_address>0xa071</run_address>
         <size>0x12d</size>
         <input_file_ref idref="fl-da"/>
      </object_component>
      <object_component id="oc-80">
         <name>.debug_info</name>
         <load_address>0xa19e</load_address>
         <run_address>0xa19e</run_address>
         <size>0x23e</size>
         <input_file_ref idref="fl-db"/>
      </object_component>
      <object_component id="oc-2c">
         <name>.debug_info</name>
         <load_address>0xa3dc</load_address>
         <run_address>0xa3dc</run_address>
         <size>0x11d</size>
         <input_file_ref idref="fl-db"/>
      </object_component>
      <object_component id="oc-211">
         <name>.debug_info</name>
         <load_address>0xa4f9</load_address>
         <run_address>0xa4f9</run_address>
         <size>0x168</size>
         <input_file_ref idref="fl-db"/>
      </object_component>
      <object_component id="oc-177">
         <name>.debug_info</name>
         <load_address>0xa661</load_address>
         <run_address>0xa661</run_address>
         <size>0x8a7</size>
         <input_file_ref idref="fl-db"/>
      </object_component>
      <object_component id="oc-c7">
         <name>.debug_info</name>
         <load_address>0xaf08</load_address>
         <run_address>0xaf08</run_address>
         <size>0x2c</size>
         <input_file_ref idref="fl-db"/>
      </object_component>
      <object_component id="oc-cc">
         <name>.debug_info</name>
         <load_address>0xaf34</load_address>
         <run_address>0xaf34</run_address>
         <size>0x62</size>
         <input_file_ref idref="fl-db"/>
      </object_component>
      <object_component id="oc-51">
         <name>.debug_info</name>
         <load_address>0xaf96</load_address>
         <run_address>0xaf96</run_address>
         <size>0x15b</size>
         <input_file_ref idref="fl-dc"/>
      </object_component>
      <object_component id="oc-5f">
         <name>.debug_info</name>
         <load_address>0xb0f1</load_address>
         <run_address>0xb0f1</run_address>
         <size>0x154</size>
         <input_file_ref idref="fl-dd"/>
      </object_component>
      <object_component id="oc-64">
         <name>.debug_info</name>
         <load_address>0xb245</load_address>
         <run_address>0xb245</run_address>
         <size>0x164</size>
         <input_file_ref idref="fl-de"/>
      </object_component>
      <object_component id="oc-2dc">
         <name>.debug_info</name>
         <load_address>0xb3a9</load_address>
         <run_address>0xb3a9</run_address>
         <size>0x198</size>
         <input_file_ref idref="fl-df"/>
      </object_component>
      <object_component id="oc-24f">
         <name>.debug_info</name>
         <load_address>0xb541</load_address>
         <run_address>0xb541</run_address>
         <size>0x1f1</size>
         <input_file_ref idref="fl-df"/>
      </object_component>
      <object_component id="oc-2d7">
         <name>.debug_info</name>
         <load_address>0xb732</load_address>
         <run_address>0xb732</run_address>
         <size>0x2c</size>
         <input_file_ref idref="fl-df"/>
      </object_component>
      <object_component id="oc-27b">
         <name>.debug_info</name>
         <load_address>0xb75e</load_address>
         <run_address>0xb75e</run_address>
         <size>0x282</size>
         <input_file_ref idref="fl-e0"/>
      </object_component>
      <object_component id="oc-1d9">
         <name>.debug_info</name>
         <load_address>0xb9e0</load_address>
         <run_address>0xb9e0</run_address>
         <size>0x7a6</size>
         <input_file_ref idref="fl-e0"/>
      </object_component>
      <object_component id="oc-1ea">
         <name>.debug_info</name>
         <load_address>0xc186</load_address>
         <run_address>0xc186</run_address>
         <size>0x1d7</size>
         <input_file_ref idref="fl-e1"/>
      </object_component>
      <object_component id="oc-123">
         <name>.debug_info</name>
         <load_address>0xc35d</load_address>
         <run_address>0xc35d</run_address>
         <size>0x300</size>
         <input_file_ref idref="fl-e1"/>
      </object_component>
      <object_component id="oc-224">
         <name>.debug_info</name>
         <load_address>0xc65d</load_address>
         <run_address>0xc65d</run_address>
         <size>0x2c</size>
         <input_file_ref idref="fl-e1"/>
      </object_component>
      <object_component id="oc-7b">
         <name>.debug_info</name>
         <load_address>0xc689</load_address>
         <run_address>0xc689</run_address>
         <size>0x125</size>
         <input_file_ref idref="fl-e2"/>
      </object_component>
      <object_component id="oc-215">
         <name>.debug_info</name>
         <load_address>0xc7ae</load_address>
         <run_address>0xc7ae</run_address>
         <size>0x101</size>
         <input_file_ref idref="fl-e3"/>
      </object_component>
      <object_component id="oc-182">
         <name>.debug_info</name>
         <load_address>0xc8af</load_address>
         <run_address>0xc8af</run_address>
         <size>0x2aa</size>
         <input_file_ref idref="fl-e3"/>
      </object_component>
      <object_component id="oc-22f">
         <name>.debug_info</name>
         <load_address>0xcb59</load_address>
         <run_address>0xcb59</run_address>
         <size>0x10c</size>
         <input_file_ref idref="fl-e4"/>
      </object_component>
      <object_component id="oc-1a6">
         <name>.debug_info</name>
         <load_address>0xcc65</load_address>
         <run_address>0xcc65</run_address>
         <size>0x283</size>
         <input_file_ref idref="fl-e4"/>
      </object_component>
      <object_component id="oc-15f">
         <name>.debug_info</name>
         <load_address>0xcee8</load_address>
         <run_address>0xcee8</run_address>
         <size>0x142</size>
         <input_file_ref idref="fl-e5"/>
      </object_component>
      <object_component id="oc-223">
         <name>.debug_info</name>
         <load_address>0xd02a</load_address>
         <run_address>0xd02a</run_address>
         <size>0x1e4</size>
         <input_file_ref idref="fl-e6"/>
      </object_component>
      <object_component id="oc-19f">
         <name>.debug_info</name>
         <load_address>0xd20e</load_address>
         <run_address>0xd20e</run_address>
         <size>0x378</size>
         <input_file_ref idref="fl-e6"/>
      </object_component>
      <object_component id="oc-229">
         <name>.debug_info</name>
         <load_address>0xd586</load_address>
         <run_address>0xd586</run_address>
         <size>0x69</size>
         <input_file_ref idref="fl-e6"/>
      </object_component>
      <object_component id="oc-145">
         <name>.debug_info</name>
         <load_address>0xd5ef</load_address>
         <run_address>0xd5ef</run_address>
         <size>0x140</size>
         <input_file_ref idref="fl-e7"/>
      </object_component>
      <object_component id="oc-be">
         <name>.debug_info</name>
         <load_address>0xd72f</load_address>
         <run_address>0xd72f</run_address>
         <size>0x12f</size>
         <input_file_ref idref="fl-e7"/>
      </object_component>
      <object_component id="oc-13e">
         <name>.debug_info</name>
         <load_address>0xd85e</load_address>
         <run_address>0xd85e</run_address>
         <size>0x23b</size>
         <input_file_ref idref="fl-e7"/>
      </object_component>
      <object_component id="oc-2aa">
         <name>.debug_info</name>
         <load_address>0xda99</load_address>
         <run_address>0xda99</run_address>
         <size>0x3ac</size>
         <input_file_ref idref="fl-e8"/>
      </object_component>
      <object_component id="oc-1e4">
         <name>.debug_info</name>
         <load_address>0xde45</load_address>
         <run_address>0xde45</run_address>
         <size>0x180c</size>
         <input_file_ref idref="fl-e8"/>
      </object_component>
      <object_component id="oc-2ab">
         <name>.debug_info</name>
         <load_address>0xf651</load_address>
         <run_address>0xf651</run_address>
         <size>0x86</size>
         <input_file_ref idref="fl-e8"/>
      </object_component>
      <object_component id="oc-303">
         <name>.debug_info</name>
         <load_address>0xf6d7</load_address>
         <run_address>0xf6d7</run_address>
         <size>0x46</size>
         <input_file_ref idref="fl-e8"/>
      </object_component>
      <object_component id="oc-2b0">
         <name>.debug_info</name>
         <load_address>0xf71d</load_address>
         <run_address>0xf71d</run_address>
         <size>0x39</size>
         <input_file_ref idref="fl-e8"/>
      </object_component>
      <object_component id="oc-b9">
         <name>.debug_info</name>
         <load_address>0xf756</load_address>
         <run_address>0xf756</run_address>
         <size>0x182</size>
         <input_file_ref idref="fl-e9"/>
      </object_component>
      <object_component id="oc-6f">
         <name>.debug_info</name>
         <load_address>0xf8d8</load_address>
         <run_address>0xf8d8</run_address>
         <size>0x183</size>
         <input_file_ref idref="fl-e9"/>
      </object_component>
      <object_component id="oc-136">
         <name>.debug_info</name>
         <load_address>0xfa5b</load_address>
         <run_address>0xfa5b</run_address>
         <size>0x5e</size>
         <input_file_ref idref="fl-e9"/>
      </object_component>
      <object_component id="oc-300">
         <name>.debug_info</name>
         <load_address>0xfab9</load_address>
         <run_address>0xfab9</run_address>
         <size>0x130</size>
         <input_file_ref idref="fl-ea"/>
      </object_component>
      <object_component id="oc-2a6">
         <name>.debug_info</name>
         <load_address>0xfbe9</load_address>
         <run_address>0xfbe9</run_address>
         <size>0x18d</size>
         <input_file_ref idref="fl-ea"/>
      </object_component>
      <object_component id="oc-b1">
         <name>.debug_info</name>
         <load_address>0xfd76</load_address>
         <run_address>0xfd76</run_address>
         <size>0x305</size>
         <input_file_ref idref="fl-eb"/>
      </object_component>
      <object_component id="oc-6a">
         <name>.debug_info</name>
         <load_address>0x1007b</load_address>
         <run_address>0x1007b</run_address>
         <size>0x1ac</size>
         <input_file_ref idref="fl-eb"/>
      </object_component>
      <object_component id="oc-db">
         <name>.debug_info</name>
         <load_address>0x10227</load_address>
         <run_address>0x10227</run_address>
         <size>0x39</size>
         <input_file_ref idref="fl-eb"/>
      </object_component>
      <object_component id="oc-e0">
         <name>.debug_info</name>
         <load_address>0x10260</load_address>
         <run_address>0x10260</run_address>
         <size>0xcd</size>
         <input_file_ref idref="fl-eb"/>
      </object_component>
      <object_component id="oc-d7">
         <name>.debug_info</name>
         <load_address>0x1032d</load_address>
         <run_address>0x1032d</run_address>
         <size>0x1fc</size>
         <input_file_ref idref="fl-ec"/>
      </object_component>
      <object_component id="oc-a7">
         <name>.debug_info</name>
         <load_address>0x10529</load_address>
         <run_address>0x10529</run_address>
         <size>0x19f</size>
         <input_file_ref idref="fl-ec"/>
      </object_component>
      <object_component id="oc-14b">
         <name>.debug_info</name>
         <load_address>0x106c8</load_address>
         <run_address>0x106c8</run_address>
         <size>0x2c</size>
         <input_file_ref idref="fl-ec"/>
      </object_component>
      <object_component id="oc-323">
         <name>.debug_info</name>
         <load_address>0x106f4</load_address>
         <run_address>0x106f4</run_address>
         <size>0x10a</size>
         <input_file_ref idref="fl-ed"/>
      </object_component>
      <object_component id="oc-2fd">
         <name>.debug_info</name>
         <load_address>0x107fe</load_address>
         <run_address>0x107fe</run_address>
         <size>0x116</size>
         <input_file_ref idref="fl-ed"/>
      </object_component>
      <object_component id="oc-2ee">
         <name>.debug_info</name>
         <load_address>0x10914</load_address>
         <run_address>0x10914</run_address>
         <size>0xfa</size>
         <input_file_ref idref="fl-ee"/>
      </object_component>
      <object_component id="oc-277">
         <name>.debug_info</name>
         <load_address>0x10a0e</load_address>
         <run_address>0x10a0e</run_address>
         <size>0x338</size>
         <input_file_ref idref="fl-ee"/>
      </object_component>
      <object_component id="oc-2eb">
         <name>.debug_info</name>
         <load_address>0x10d46</load_address>
         <run_address>0x10d46</run_address>
         <size>0x21c</size>
         <input_file_ref idref="fl-ef"/>
      </object_component>
      <object_component id="oc-2e8">
         <name>.debug_info</name>
         <load_address>0x10f62</load_address>
         <run_address>0x10f62</run_address>
         <size>0x14b</size>
         <input_file_ref idref="fl-ef"/>
      </object_component>
      <object_component id="oc-270">
         <name>.debug_info</name>
         <load_address>0x110ad</load_address>
         <run_address>0x110ad</run_address>
         <size>0x742</size>
         <input_file_ref idref="fl-ef"/>
      </object_component>
      <object_component id="oc-2e0">
         <name>.debug_info</name>
         <load_address>0x117ef</load_address>
         <run_address>0x117ef</run_address>
         <size>0xff</size>
         <input_file_ref idref="fl-f0"/>
      </object_component>
      <object_component id="oc-269">
         <name>.debug_info</name>
         <load_address>0x118ee</load_address>
         <run_address>0x118ee</run_address>
         <size>0x391</size>
         <input_file_ref idref="fl-f0"/>
      </object_component>
      <object_component id="oc-2f5">
         <name>.debug_info</name>
         <load_address>0x11c7f</load_address>
         <run_address>0x11c7f</run_address>
         <size>0x168</size>
         <input_file_ref idref="fl-f1"/>
      </object_component>
      <object_component id="oc-28d">
         <name>.debug_info</name>
         <load_address>0x11de7</load_address>
         <run_address>0x11de7</run_address>
         <size>0x1de</size>
         <input_file_ref idref="fl-f1"/>
      </object_component>
      <object_component id="oc-2fb">
         <name>.debug_info</name>
         <load_address>0x11fc5</load_address>
         <run_address>0x11fc5</run_address>
         <size>0x10d</size>
         <input_file_ref idref="fl-f2"/>
      </object_component>
      <object_component id="oc-29e">
         <name>.debug_info</name>
         <load_address>0x120d2</load_address>
         <run_address>0x120d2</run_address>
         <size>0x1c7</size>
         <input_file_ref idref="fl-f2"/>
      </object_component>
      <object_component id="oc-2d1">
         <name>.debug_info</name>
         <load_address>0x12299</load_address>
         <run_address>0x12299</run_address>
         <size>0x172</size>
         <input_file_ref idref="fl-f3"/>
      </object_component>
      <object_component id="oc-310">
         <name>.debug_info</name>
         <load_address>0x1240b</load_address>
         <run_address>0x1240b</run_address>
         <size>0x150</size>
         <input_file_ref idref="fl-f4"/>
      </object_component>
      <object_component id="oc-2e3">
         <name>.debug_info</name>
         <load_address>0x1255b</load_address>
         <run_address>0x1255b</run_address>
         <size>0x23b</size>
         <input_file_ref idref="fl-f4"/>
      </object_component>
      <object_component id="oc-2f7">
         <name>.debug_info</name>
         <load_address>0x12796</load_address>
         <run_address>0x12796</run_address>
         <size>0x15b</size>
         <input_file_ref idref="fl-f5"/>
      </object_component>
      <object_component id="oc-293">
         <name>.debug_info</name>
         <load_address>0x128f1</load_address>
         <run_address>0x128f1</run_address>
         <size>0x1a6</size>
         <input_file_ref idref="fl-f5"/>
      </object_component>
      <object_component id="oc-ab">
         <name>.debug_info</name>
         <load_address>0x12a97</load_address>
         <run_address>0x12a97</run_address>
         <size>0x161</size>
         <input_file_ref idref="fl-f6"/>
      </object_component>
      <object_component id="oc-2f9">
         <name>.debug_info</name>
         <load_address>0x12bf8</load_address>
         <run_address>0x12bf8</run_address>
         <size>0x111</size>
         <input_file_ref idref="fl-f7"/>
      </object_component>
      <object_component id="oc-299">
         <name>.debug_info</name>
         <load_address>0x12d09</load_address>
         <run_address>0x12d09</run_address>
         <size>0x296</size>
         <input_file_ref idref="fl-f7"/>
      </object_component>
      <object_component id="oc-2f3">
         <name>.debug_info</name>
         <load_address>0x12f9f</load_address>
         <run_address>0x12f9f</run_address>
         <size>0x106</size>
         <input_file_ref idref="fl-f8"/>
      </object_component>
      <object_component id="oc-287">
         <name>.debug_info</name>
         <load_address>0x130a5</load_address>
         <run_address>0x130a5</run_address>
         <size>0x27c</size>
         <input_file_ref idref="fl-f8"/>
      </object_component>
      <object_component id="oc-283">
         <name>.debug_info</name>
         <load_address>0x13321</load_address>
         <run_address>0x13321</run_address>
         <size>0x199</size>
         <input_file_ref idref="fl-f9"/>
      </object_component>
      <object_component id="oc-201">
         <name>.debug_info</name>
         <load_address>0x134ba</load_address>
         <run_address>0x134ba</run_address>
         <size>0x20e</size>
         <input_file_ref idref="fl-fa"/>
      </object_component>
      <object_component id="oc-1fe">
         <name>.debug_info</name>
         <load_address>0x136c8</load_address>
         <run_address>0x136c8</run_address>
         <size>0x157</size>
         <input_file_ref idref="fl-fa"/>
      </object_component>
      <object_component id="oc-152">
         <name>.debug_info</name>
         <load_address>0x1381f</load_address>
         <run_address>0x1381f</run_address>
         <size>0x2c1</size>
         <input_file_ref idref="fl-fa"/>
      </object_component>
      <object_component id="oc-158">
         <name>.debug_info</name>
         <load_address>0x13ae0</load_address>
         <run_address>0x13ae0</run_address>
         <size>0x23e</size>
         <input_file_ref idref="fl-fa"/>
      </object_component>
      <object_component id="oc-206">
         <name>.debug_info</name>
         <load_address>0x13d1e</load_address>
         <run_address>0x13d1e</run_address>
         <size>0x212</size>
         <input_file_ref idref="fl-fb"/>
      </object_component>
      <object_component id="oc-350">
         <name>.debug_info</name>
         <load_address>0x13f30</load_address>
         <run_address>0x13f30</run_address>
         <size>0x99</size>
      </object_component>
      <object_component id="oc-235">
         <name>.debug_line</name>
         <load_address>0x0</load_address>
         <run_address>0x0</run_address>
         <size>0x2f</size>
         <input_file_ref idref="fl-2"/>
      </object_component>
      <object_component id="oc-fb">
         <name>.debug_line</name>
         <load_address>0x2f</load_address>
         <run_address>0x2f</run_address>
         <size>0x116</size>
         <input_file_ref idref="fl-2"/>
      </object_component>
      <object_component id="oc-d4">
         <name>.debug_line</name>
         <load_address>0x145</load_address>
         <run_address>0x145</run_address>
         <size>0x20</size>
         <input_file_ref idref="fl-2"/>
      </object_component>
      <object_component id="oc-88">
         <name>.debug_line</name>
         <load_address>0x165</load_address>
         <run_address>0x165</run_address>
         <size>0x66</size>
         <input_file_ref idref="fl-2"/>
      </object_component>
      <object_component id="oc-2c7">
         <name>.debug_line</name>
         <load_address>0x1cb</load_address>
         <run_address>0x1cb</run_address>
         <size>0x6f</size>
         <input_file_ref idref="fl-3"/>
      </object_component>
      <object_component id="oc-104">
         <name>.debug_line</name>
         <load_address>0x23a</load_address>
         <run_address>0x23a</run_address>
         <size>0xb4</size>
         <input_file_ref idref="fl-3"/>
      </object_component>
      <object_component id="oc-220">
         <name>.debug_line</name>
         <load_address>0x2ee</load_address>
         <run_address>0x2ee</run_address>
         <size>0x65</size>
         <input_file_ref idref="fl-3"/>
      </object_component>
      <object_component id="oc-95">
         <name>.debug_line</name>
         <load_address>0x353</load_address>
         <run_address>0x353</run_address>
         <size>0x20</size>
         <input_file_ref idref="fl-3"/>
      </object_component>
      <object_component id="oc-1b1">
         <name>.debug_line</name>
         <load_address>0x373</load_address>
         <run_address>0x373</run_address>
         <size>0x66</size>
         <input_file_ref idref="fl-3"/>
      </object_component>
      <object_component id="oc-231">
         <name>.debug_line</name>
         <load_address>0x3d9</load_address>
         <run_address>0x3d9</run_address>
         <size>0xb9</size>
         <input_file_ref idref="fl-4"/>
      </object_component>
      <object_component id="oc-116">
         <name>.debug_line</name>
         <load_address>0x492</load_address>
         <run_address>0x492</run_address>
         <size>0x45</size>
         <input_file_ref idref="fl-4"/>
      </object_component>
      <object_component id="oc-f2">
         <name>.debug_line</name>
         <load_address>0x4d7</load_address>
         <run_address>0x4d7</run_address>
         <size>0x192</size>
         <input_file_ref idref="fl-4"/>
      </object_component>
      <object_component id="oc-1f4">
         <name>.debug_line</name>
         <load_address>0x669</load_address>
         <run_address>0x669</run_address>
         <size>0xfd</size>
         <input_file_ref idref="fl-5"/>
      </object_component>
      <object_component id="oc-1f2">
         <name>.debug_line</name>
         <load_address>0x766</load_address>
         <run_address>0x766</run_address>
         <size>0x2d</size>
         <input_file_ref idref="fl-5"/>
      </object_component>
      <object_component id="oc-b6">
[...]
         <object_component_ref idref="oc-1de"/>
      </symbol>
      <symbol id="sm-2a6">
         <name>scan_degrees</name>
         <value>0x20000ef0</value>
         <object_component_ref idref="oc-1de"/>
      </symbol>
      <symbol id="sm-2a7">
         <name>distance_count</name>
         <value>0x20000f04</value>
         <object_component_ref idref="oc-1de"/>
      </symbol>
      <symbol id="sm-2a8">
         <name>deg_start</name>
         <value>0x20000ef4</value>
         <object_component_ref idref="oc-1de"/>
      </symbol>
      <symbol id="sm-2a9">
         <name>distance_total</name>
         <value>0x20000efc</value>
         <object_component_ref idref="oc-1de"/>
      </symbol>
      <symbol id="sm-2aa">
         <name>smallest_obj_width</name>
         <value>0x20000f10</value>
         <object_component_ref idref="oc-1de"/>
      </symbol>
      <symbol id="sm-2ab">
         <name>scan_reset</name>
         <value>0x3899</value>
         <object_component_ref idref="oc-11c"/>
      </symbol>
      <symbol id="sm-2ac">
         <name>distance_avg</name>
         <value>0x20000f00</value>
         <object_component_ref idref="oc-1de"/>
      </symbol>
      <symbol id="sm-2ad">
         <name>temp_deg_end</name>
         <value>0x20000ef8</value>
         <object_component_ref idref="oc-1de"/>
      </symbol>
      <symbol id="sm-2ae">
         <name>end_case</name>
         <value>0x20000f15</value>
         <object_component_ref idref="oc-1de"/>
      </symbol>
      <symbol id="sm-2dd">
         <name>wifi_stop</name>
         <value>0x47b5</value>
         <object_component_ref idref="oc-fd"/>
      </symbol>
      <symbol id="sm-2de">
         <name>uart_puts</name>
         <value>0x473b</value>
         <object_component_ref idref="oc-fd"/>
      </symbol>
      <symbol id="sm-2df">
         <name>uart_sendChar</name>
         <value>0x46f9</value>
         <object_component_ref idref="oc-fd"/>
      </symbol>
      <symbol id="sm-2e0">
         <name>uart_init</name>
         <value>0x4671</value>
         <object_component_ref idref="oc-fd"/>
      </symbol>
      <symbol id="sm-2e1">
         <name>wifi_start</name>
         <value>0x4759</value>
         <object_component_ref idref="oc-fd"/>
      </symbol>
      <symbol id="sm-2e2">
         <name>uart_receive</name>
         <value>0x4715</value>
         <object_component_ref idref="oc-fd"/>
      </symbol>
      <symbol id="sm-32d">
         <name>clock_timer_init</name>
         <value>0x4243</value>
         <object_component_ref idref="oc-e5"/>
      </symbol>
      <symbol id="sm-32e">
         <name>move_servo</name>
         <value>0x4397</value>
         <object_component_ref idref="oc-e5"/>
      </symbol>
      <symbol id="sm-32f">
         <name>delta_degrees</name>
         <value>0x20000f48</value>
         <object_component_ref idref="oc-170"/>
      </symbol>
      <symbol id="sm-330">
         <name>motor_init</name>
         <value>0x42c7</value>
         <object_component_ref idref="oc-e5"/>
      </symbol>
      <symbol id="sm-331">
         <name>servo_init</name>
         <value>0x43d5</value>
         <object_component_ref idref="oc-e5"/>
      </symbol>
      <symbol id="sm-332">
         <name>timer1B_init</name>
         <value>0x41d9</value>
         <object_component_ref idref="oc-e5"/>
      </symbol>
      <symbol id="sm-333">
         <name>TIMER4B_Handler</name>
         <value>0x4303</value>
         <object_component_ref idref="oc-e5"/>
      </symbol>
      <symbol id="sm-334">
         <name>button</name>
         <value>0x20000f44</value>
         <object_component_ref idref="oc-170"/>
      </symbol>
      <symbol id="sm-335">
         <name>direction</name>
         <value>0x20000f45</value>
         <object_component_ref idref="oc-170"/>
      </symbol>
      <symbol id="sm-336">
         <name>degrees</name>
         <value>0x20000f46</value>
         <object_component_ref idref="oc-170"/>
      </symbol>
      <symbol id="sm-337">
         <name>servo_wait</name>
         <value>0x20000f40</value>
         <object_component_ref idref="oc-170"/>
      </symbol>
      <symbol id="sm-338">
         <name>TIMER4A_Handler</name>
         <value>0x42fb</value>
         <object_component_ref idref="oc-e5"/>
      </symbol>
      <symbol id="sm-359">
         <name>timer_startClock</name>
         <value>0x54f1</value>
         <object_component_ref idref="oc-128"/>
      </symbol>
      <symbol id="sm-35a">
         <name>timer_stopClock</name>
         <value>0x5543</value>
         <object_component_ref idref="oc-128"/>
      </symbol>
      <symbol id="sm-35b">
         <name>timer_getClock</name>
         <value>0x553d</value>
         <object_component_ref idref="oc-128"/>
      </symbol>
      <symbol id="sm-35c">
         <name>timer_stopTimer</name>
         <value>0x54db</value>
         <object_component_ref idref="oc-128"/>
      </symbol>
      <symbol id="sm-35d">
         <name>timer_startTimer</name>
         <value>0x548b</value>
         <object_component_ref idref="oc-128"/>
      </symbol>
      <symbol id="sm-35e">
         <name>timer_waitMillis</name>
         <value>0x542d</value>
         <object_component_ref idref="oc-128"/>
      </symbol>
      <symbol id="sm-35f">
         <name>timer_waitMicros</name>
         <value>0x5461</value>
         <object_component_ref idref="oc-128"/>
      </symbol>
      <symbol id="sm-37b">
         <name>ResetISR</name>
         <value>0x624b</value>
         <object_component_ref idref="oc-2e"/>
      </symbol>
      <symbol id="sm-37c">
         <name>g_pfnVectors</name>
         <value>0x0</value>
         <object_component_ref idref="oc-f"/>
      </symbol>
      <symbol id="sm-38d">
         <name>_c_int00</name>
         <value>0x5ebd</value>
         <object_component_ref idref="oc-24"/>
      </symbol>
      <symbol id="sm-38e">
         <name>__stack</name>
         <value>0x2000026c</value>
         <object_component_ref idref="oc-2a"/>
      </symbol>
      <symbol id="sm-3a5">
         <name>__TI_decompress_none</name>
         <value>0x6231</value>
         <object_component_ref idref="oc-12"/>
      </symbol>
      <symbol id="sm-3cd">
         <name>__TI_decompress_rle24</name>
         <value>0x6257</value>
         <object_component_ref idref="oc-18"/>
      </symbol>
      <symbol id="sm-45d">
         <name>pow</name>
         <value>0x1e01</value>
         <object_component_ref idref="oc-1ba"/>
      </symbol>
      <symbol id="sm-45e">
         <name>powl</name>
         <value>0x1e01</value>
         <object_component_ref idref="oc-1ba"/>
      </symbol>
      <symbol id="sm-482">
         <name>sqrtl</name>
         <value>0x4e95</value>
         <object_component_ref idref="oc-238"/>
      </symbol>
      <symbol id="sm-483">
         <name>sqrt</name>
         <value>0x4e95</value>
         <object_component_ref idref="oc-238"/>
      </symbol>
      <symbol id="sm-48b">
         <name>errno</name>
         <value>0x20000f54</value>
         <object_component_ref idref="oc-23e"/>
      </symbol>
      <symbol id="sm-4ac">
         <name>C$$EXIT</name>
         <value>0x5f11</value>
         <object_component_ref idref="oc-74"/>
      </symbol>
      <symbol id="sm-4ad">
         <name>abort</name>
         <value>0x5f15</value>
         <object_component_ref idref="oc-74"/>
      </symbol>
      <symbol id="sm-4ae">
         <name>exit</name>
         <value>0x5f1d</value>
         <object_component_ref idref="oc-74"/>
      </symbol>
      <symbol id="sm-4af">
         <name>__TI_dtors_ptr</name>
         <value>0x20000f2c</value>
         <object_component_ref idref="oc-ba"/>
      </symbol>
      <symbol id="sm-4b0">
         <name>__TI_cleanup_ptr</name>
         <value>0x20000f28</value>
         <object_component_ref idref="oc-ba"/>
      </symbol>
      <symbol id="sm-4b1">
         <name>__TI_enable_exit_profile_output</name>
         <value>0x20000f30</value>
         <object_component_ref idref="oc-ba"/>
      </symbol>
      <symbol id="sm-4c8">
         <name>__aeabi_dsub</name>
         <value>0x483d</value>
         <object_component_ref idref="oc-166"/>
      </symbol>
      <symbol id="sm-4c9">
         <name>__aeabi_dadd</name>
         <value>0x4847</value>
         <object_component_ref idref="oc-166"/>
      </symbol>
      <symbol id="sm-4eb">
         <name>__aeabi_cdcmpeq</name>
         <value>0x5ad1</value>
         <object_component_ref idref="oc-244"/>
      </symbol>
      <symbol id="sm-4ec">
         <name>__aeabi_cdcmple</name>
         <value>0x5ad1</value>
         <object_component_ref idref="oc-244"/>
      </symbol>
      <symbol id="sm-4ed">
         <name>__aeabi_cdrcmple</name>
         <value>0x5b57</value>
         <object_component_ref idref="oc-249"/>
      </symbol>
      <symbol id="sm-501">
         <name>__aeabi_ddiv</name>
         <value>0x5585</value>
         <object_component_ref idref="oc-191"/>
      </symbol>
      <symbol id="sm-50c">
         <name>__aeabi_dmul</name>
         <value>0x56bb</value>
         <object_component_ref idref="oc-161"/>
      </symbol>
      <symbol id="sm-516">
         <name>__aeabi_d2iz</name>
         <value>0x5ffd</value>
         <object_component_ref idref="oc-18c"/>
      </symbol>
      <symbol id="sm-522">
         <name>__aeabi_d2f</name>
         <value>0x5cc9</value>
         <object_component_ref idref="oc-1c0"/>
      </symbol>
      <symbol id="sm-52c">
         <name>__aeabi_d2uiz</name>
         <value>0x6045</value>
         <object_component_ref idref="oc-16b"/>
      </symbol>
      <symbol id="sm-537">
         <name>__aeabi_f2d</name>
         <value>0x6089</value>
         <object_component_ref idref="oc-1d3"/>
      </symbol>
      <symbol id="sm-541">
         <name>__aeabi_i2d</name>
         <value>0x60f5</value>
         <object_component_ref idref="oc-187"/>
      </symbol>
      <symbol id="sm-55c">
         <name>memcpy</name>
         <value>0x59ad</value>
         <object_component_ref idref="oc-37"/>
      </symbol>
      <symbol id="sm-55d">
         <name>__aeabi_memcpy</name>
         <value>0x59ad</value>
         <object_component_ref idref="oc-37"/>
      </symbol>
      <symbol id="sm-55e">
         <name>__aeabi_memcpy8</name>
         <value>0x59ad</value>
         <object_component_ref idref="oc-37"/>
      </symbol>
      <symbol id="sm-55f">
         <name>__aeabi_memcpy4</name>
         <value>0x59ad</value>
         <object_component_ref idref="oc-37"/>
      </symbol>
      <symbol id="sm-5d3">
         <name>_sys_memory</name>
         <value>0x20000a70</value>
         <object_component_ref idref="oc-2b"/>
      </symbol>
      <symbol id="sm-5d4">
         <name>free</name>
         <value>0x35b3</value>
         <object_component_ref idref="oc-174"/>
      </symbol>
      <symbol id="sm-5d5">
         <name>realloc</name>
         <value>0x3675</value>
         <object_component_ref idref="oc-174"/>
      </symbol>
      <symbol id="sm-5d6">
         <name>memalign</name>
         <value>0x3781</value>
         <object_component_ref idref="oc-174"/>
      </symbol>
      <symbol id="sm-5d7">
         <name>calloc</name>
         <value>0x3865</value>
         <object_component_ref idref="oc-174"/>
      </symbol>
      <symbol id="sm-5d8">
         <name>malloc</name>
         <value>0x354b</value>
         <object_component_ref idref="oc-174"/>
      </symbol>
      <symbol id="sm-5d9">
         <name>minit</name>
         <value>0x34bd</value>
         <object_component_ref idref="oc-174"/>
      </symbol>
      <symbol id="sm-5e8">
         <name>__aeabi_memset</name>
         <value>0x5bdf</value>
         <object_component_ref idref="oc-50"/>
      </symbol>
      <symbol id="sm-5e9">
         <name>memset</name>
         <value>0x5be5</value>
         <object_component_ref idref="oc-50"/>
      </symbol>
      <symbol id="sm-5ea">
         <name>__aeabi_memset8</name>
         <value>0x5bdf</value>
         <object_component_ref idref="oc-50"/>
      </symbol>
      <symbol id="sm-5eb">
         <name>__aeabi_memset4</name>
         <value>0x5bdf</value>
         <object_component_ref idref="oc-50"/>
      </symbol>
      <symbol id="sm-5ec">
         <name>__aeabi_memclr8</name>
         <value>0x5bdd</value>
         <object_component_ref idref="oc-50"/>
      </symbol>
      <symbol id="sm-5ed">
         <name>__aeabi_memclr4</name>
         <value>0x5bdd</value>
         <object_component_ref idref="oc-50"/>
      </symbol>
      <symbol id="sm-5ee">
         <name>__aeabi_memclr</name>
         <value>0x5bdd</value>
         <object_component_ref idref="oc-50"/>
      </symbol>
      <symbol id="sm-5f8">
         <name>__mpu_init</name>
         <value>0x49f3</value>
         <object_component_ref idref="oc-5c"/>
      </symbol>
      <symbol id="sm-602">
         <name>_system_pre_init</name>
         <value>0x625d</value>
         <object_component_ref idref="oc-62"/>
      </symbol>
      <symbol id="sm-624">
         <name>scalbn</name>
         <value>0x57b9</value>
         <object_component_ref idref="oc-24e"/>
      </symbol>
      <symbol id="sm-625">
         <name>scalbnl</name>
         <value>0x57b9</value>
         <object_component_ref idref="oc-24e"/>
      </symbol>
      <symbol id="sm-626">
         <name>ldexpl</name>
         <value>0x57b9</value>
         <object_component_ref idref="oc-24e"/>
      </symbol>
      <symbol id="sm-627">
         <name>ldexp</name>
         <value>0x57b9</value>
         <object_component_ref idref="oc-24e"/>
      </symbol>
      <symbol id="sm-674">
         <name>sin</name>
         <value>0x2eed</value>
         <object_component_ref idref="oc-1d8"/>
      </symbol>
      <symbol id="sm-675">
         <name>sinl</name>
         <value>0x2eed</value>
         <object_component_ref idref="oc-1d8"/>
      </symbol>
      <symbol id="sm-68e">
         <name>sprintf</name>
         <value>0x5e05</value>
         <object_component_ref idref="oc-122"/>
      </symbol>
      <symbol id="sm-696">
         <name>main_func_sp</name>
         <value>0x20000f58</value>
         <object_component_ref idref="oc-7a"/>
      </symbol>
      <symbol id="sm-6a5">
         <name>strcmp</name>
         <value>0x6191</value>
         <object_component_ref idref="oc-181"/>
      </symbol>
      <symbol id="sm-6b3">
         <name>strcpy</name>
         <value>0x61e9</value>
         <object_component_ref idref="oc-1a3"/>
      </symbol>
      <symbol id="sm-6bd">
         <name>__aeabi_ui2d</name>
         <value>0x6123</value>
         <object_component_ref idref="oc-15c"/>
      </symbol>
      <symbol id="sm-6d9">
         <name>vsnprintf</name>
         <value>0x5a49</value>
         <object_component_ref idref="oc-19d"/>
      </symbol>
      <symbol id="sm-6f2">
         <name>_nop</name>
         <value>0x61cf</value>
         <object_component_ref idref="oc-13d"/>
      </symbol>
      <symbol id="sm-6f3">
         <name>_lock</name>
         <value>0x20000f4c</value>
         <object_component_ref idref="oc-bd"/>
      </symbol>
      <symbol id="sm-6f4">
         <name>_unlock</name>
         <value>0x20000f50</value>
         <object_component_ref idref="oc-bd"/>
      </symbol>
      <symbol id="sm-6f5">
         <name>_register_lock</name>
         <value>0x61c7</value>
         <object_component_ref idref="oc-13d"/>
      </symbol>
      <symbol id="sm-6f6">
         <name>_register_unlock</name>
         <value>0x61c1</value>
         <object_component_ref idref="oc-13d"/>
      </symbol>
      <symbol id="sm-7fd">
         <name>__TI_printfi</name>
         <value>0x1077</value>
         <object_component_ref idref="oc-1e3"/>
      </symbol>
      <symbol id="sm-811">
         <name>_args_main</name>
         <value>0x6179</value>
         <object_component_ref idref="oc-6e"/>
      </symbol>
      <symbol id="sm-827">
         <name>atoi</name>
         <value>0x5f65</value>
         <object_component_ref idref="oc-2a3"/>
      </symbol>
      <symbol id="sm-84c">
         <name>__TI_auto_init</name>
         <value>0x5c59</value>
         <object_component_ref idref="oc-68"/>
      </symbol>
      <symbol id="sm-866">
         <name>copy_in</name>
         <value>0x5fb1</value>
         <object_component_ref idref="oc-a4"/>
      </symbol>
      <symbol id="sm-871">
         <name>_ctypes_</name>
         <value>0x63b8</value>
         <object_component_ref idref="oc-2fc"/>
      </symbol>
      <symbol id="sm-887">
         <name>__kernel_cos</name>
         <value>0x5005</value>
         <object_component_ref idref="oc-274"/>
      </symbol>
      <symbol id="sm-8ea">
         <name>__kernel_rem_pio2</name>
         <value>0x27ad</value>
         <object_component_ref idref="oc-26e"/>
      </symbol>
      <symbol id="sm-901">
         <name>__kernel_sin</name>
         <value>0x4d21</value>
         <object_component_ref idref="oc-268"/>
      </symbol>
      <symbol id="sm-910">
         <name>ltoa</name>
         <value>0x5e65</value>
         <object_component_ref idref="oc-28b"/>
      </symbol>
      <symbol id="sm-920">
         <name>memccpy</name>
         <value>0x6143</value>
         <object_component_ref idref="oc-29d"/>
      </symbol>
      <symbol id="sm-92a">
         <name>copysign</name>
         <value>0x61d5</value>
         <object_component_ref idref="oc-2d0"/>
      </symbol>
      <symbol id="sm-92b">
         <name>copysignl</name>
         <value>0x61d5</value>
         <object_component_ref idref="oc-2d0"/>
      </symbol>
      <symbol id="sm-948">
         <name>floorl</name>
         <value>0x58b5</value>
         <object_component_ref idref="oc-2e1"/>
      </symbol>
      <symbol id="sm-949">
         <name>floor</name>
         <value>0x58b5</value>
         <object_component_ref idref="oc-2e1"/>
      </symbol>
      <symbol id="sm-95f">
         <name>frexpl</name>
         <value>0x5da1</value>
         <object_component_ref idref="oc-291"/>
      </symbol>
      <symbol id="sm-960">
         <name>frexp</name>
         <value>0x5da1</value>
         <object_component_ref idref="oc-291"/>
      </symbol>
      <symbol id="sm-96a">
         <name>_system_post_cinit</name>
         <value>0x57b7</value>
         <object_component_ref idref="oc-aa"/>
      </symbol>
      <symbol id="sm-97a">
         <name>strchr</name>
         <value>0x61a9</value>
         <object_component_ref idref="oc-297"/>
      </symbol>
      <symbol id="sm-988">
         <name>strlen</name>
         <value>0x61fd</value>
         <object_component_ref idref="oc-285"/>
      </symbol>
      <symbol id="sm-9a4">
         <name>__aeabi_uldivmod</name>
         <value>0x447d</value>
         <object_component_ref idref="oc-280"/>
      </symbol>
      <symbol id="sm-9c4">
         <name>IntRegister</name>
         <value>0x60c1</value>
         <object_component_ref idref="oc-150"/>
      </symbol>
      <symbol id="sm-9c5">
         <name>g_pfnRAMVectors</name>
         <value>0x20000000</value>
         <object_component_ref idref="oc-1fd"/>
      </symbol>
      <symbol id="sm-9c6">
         <name>IntMasterEnable</name>
         <value>0x6211</value>
         <object_component_ref idref="oc-156"/>
      </symbol>
      <symbol id="sm-9d0">
         <name>CPUcpsie</name>
         <value>0x623f</value>
         <object_component_ref idref="oc-202"/>
      </symbol>
      <symbol id="sm-9d1">
         <name>__TI_static_base__</name>
         <value>0x0</value>
      </symbol>
      <symbol id="sm-9d4">
         <name>SHT$$INIT_ARRAY$$Limit</name>
         <value>0x0</value>
      </symbol>
      <symbol id="sm-9d5">
         <name>SHT$$INIT_ARRAY$$Base</name>
         <value>0x0</value>
      </symbol>
   </symbol_table>
   <title>Link successful</title>
</link_info>
